[2026-07-08 15:41:02.816] [info] [Main] Initializing SerialBoard...
[2026-07-08 15:41:02.817] [info] [SerialBoard] Serial port /dev/ttyACM0 opened, baud=921600, referee=false
[2026-07-08 15:41:02.817] [info] [SerialBoard] Ready (IMU will update when MCU sends 0x502).
[2026-07-08 15:41:02.817] [info] [SerialBoard] receiveThread started.
[2026-07-08 15:41:02.817] [info] [Main] SerialBoard ready.
[2026-07-08 15:41:02.817] [info] [Main] Opening camera...
[2026-07-08 15:41:02.817] [info] [SerialBoard] First valid packet received: cmd_id=0x502
[2026-07-08 15:41:02.817] [info] [SerialBoard] First IMU packet received (pitch=-0.05 roll=-0.03 yaw=-0.08) — unblocking
[2026-07-08 15:41:02.818] [info] HikRobot config summary: device='N/A' serial='DA2024629' index=0 vid_pid=2bdf:0001 exposure_ms=40 gain=8 frame_rate=30 fetch_interval_ms=33 grab_timeout_ms=100 transfer_size=0
[2026-07-08 15:41:02.819] [info] [] Daemon thread started
[2026-07-08 15:41:02.819] [info] [Main] Camera ready: 
[2026-07-08 15:41:02.820] [info] HikRobot config summary: device='N/A' serial='DA6415777' index=1 vid_pid=2bdf:0001 exposure_ms=50 gain=8 frame_rate=15 fetch_interval_ms=66 grab_timeout_ms=500 transfer_size=0
[2026-07-08 15:41:02.820] [info] [] Daemon thread started
[2026-07-08 15:41:02.820] [info] HikRobot config summary: device='N/A' serial='DA6415771' index=2 vid_pid=2bdf:0002 exposure_ms=50 gain=8 frame_rate=15 fetch_interval_ms=66 grab_timeout_ms=500 transfer_size=0
[2026-07-08 15:41:02.821] [info] [] Daemon thread started
[2026-07-08 15:41:02.832] [debug] [SerialBoard] RobotStatus: id=7 lv=1 hp=600/600 cool=160 heat=480 power=20 mains=gtruectruestrue
[2026-07-08 15:41:02.833] [debug] [SerialBoard] GameStatus: type=0 progress=0 remain=0 sync=0
[2026-07-08 15:41:02.851] [info] [] MV_CC_EnumDevices OK, handle=0x0
[2026-07-08 15:41:02.851] [info] [] Found camera [0]: serial='DA6415771' model='MV-CB016-10UC-S'
[2026-07-08 15:41:02.851] [info] [] Found camera [1]: serial='DA6242418' model='MV-CB016-10UC-S'
[2026-07-08 15:41:02.851] [info] [] Found camera [2]: serial='DA6242413' model='MV-CB016-10UC-S'
[2026-07-08 15:41:02.851] [info] [] Found camera [3]: serial='DA6415777' model='MV-CB016-10UC-S'
[2026-07-08 15:41:02.851] [info] [] Found camera [4]: serial='DA2024629' model='MV-CS016-10UC'
[2026-07-08 15:41:02.851] [info] [] MV_CC_CreateHandle OK, handle=0x7bece418a9a0
[2026-07-08 15:41:02.856] [info] [] MV_CC_EnumDevices OK, handle=0x0
[2026-07-08 15:41:02.856] [info] [] Found camera [0]: serial='DA6415771' model='MV-CB016-10UC-S'
[2026-07-08 15:41:02.856] [info] [] Found camera [1]: serial='DA6242418' model='MV-CB016-10UC-S'
[2026-07-08 15:41:02.856] [info] [] Found camera [2]: serial='DA6242413' model='MV-CB016-10UC-S'
[2026-07-08 15:41:02.856] [info] [] Found camera [3]: serial='DA6415777' model='MV-CB016-10UC-S'
[2026-07-08 15:41:02.856] [info] [] Found camera [4]: serial='DA2024629' model='MV-CS016-10UC'
[2026-07-08 15:41:02.856] [info] [] MV_CC_CreateHandle OK, handle=0x7beccc002750
[2026-07-08 15:41:02.860] [info] [] MV_CC_EnumDevices OK, handle=0x0
[2026-07-08 15:41:02.860] [info] [] Found camera [0]: serial='DA6415771' model='MV-CB016-10UC-S'
[2026-07-08 15:41:02.860] [info] [] Found camera [1]: serial='DA6242418' model='MV-CB016-10UC-S'
[2026-07-08 15:41:02.860] [info] [] Found camera [2]: serial='DA6242413' model='MV-CB016-10UC-S'
[2026-07-08 15:41:02.860] [info] [] Found camera [3]: serial='DA6415777' model='MV-CB016-10UC-S'
[2026-07-08 15:41:02.860] [info] [] Found camera [4]: serial='DA2024629' model='MV-CS016-10UC'
[2026-07-08 15:41:02.860] [info] [] MV_CC_CreateHandle OK, handle=0x7becd402bd70
[2026-07-08 15:41:03.031] [info] [] MV_CC_OpenDevice OK, handle=0x7beccc002750
[2026-07-08 15:41:03.032] [info] [] MV_CC_SetEnumValue(TriggerMode=OFF) OK, handle=0x7beccc002750
[2026-07-08 15:41:03.033] [info] [] MV_CC_SetEnumValue(AcquisitionMode=CONTINUOUS) OK, handle=0x7beccc002750
[2026-07-08 15:41:03.037] [info] [] MV_CC_SetFrameRate(15) OK
[2026-07-08 15:41:03.050] [info] [] MV_CC_StartGrabbing OK, handle=0x7beccc002750
[2026-07-08 15:41:03.050] [info] [] MV_CC_GetIntValue(Width) OK, handle=0x7beccc002750
[2026-07-08 15:41:03.050] [info] [] MV_CC_GetIntValue(Height) OK, handle=0x7beccc002750
[2026-07-08 15:41:03.051] [info] [] Capture thread started
[2026-07-08 15:41:03.113] [info] [Aimer] successfully loading shootmode
[2026-07-08 15:41:03.218] [info] [] MV_CC_OpenDevice OK, handle=0x7bece418a9a0
[2026-07-08 15:41:03.219] [info] [] MV_CC_SetEnumValue(TriggerMode=OFF) OK, handle=0x7bece418a9a0
[2026-07-08 15:41:03.220] [info] [] MV_CC_SetEnumValue(AcquisitionMode=CONTINUOUS) OK, handle=0x7bece418a9a0
[2026-07-08 15:41:03.224] [info] [] MV_CC_SetFrameRate(30) OK
[2026-07-08 15:41:03.238] [info] [] MV_CC_StartGrabbing OK, handle=0x7bece418a9a0
[2026-07-08 15:41:03.238] [info] [] MV_CC_GetIntValue(Width) OK, handle=0x7bece418a9a0
[2026-07-08 15:41:03.238] [info] [] MV_CC_GetIntValue(Height) OK, handle=0x7bece418a9a0
[2026-07-08 15:41:03.239] [info] [] Capture thread started
[2026-07-08 15:41:03.246] [info] [] MV_CC_OpenDevice OK, handle=0x7becd402bd70
[2026-07-08 15:41:03.247] [info] [] MV_CC_SetEnumValue(TriggerMode=OFF) OK, handle=0x7becd402bd70
[2026-07-08 15:41:03.248] [info] [] MV_CC_SetEnumValue(AcquisitionMode=CONTINUOUS) OK, handle=0x7becd402bd70
[2026-07-08 15:41:03.252] [info] [] MV_CC_SetFrameRate(15) OK
[2026-07-08 15:41:03.265] [info] [] MV_CC_StartGrabbing OK, handle=0x7becd402bd70
[2026-07-08 15:41:03.265] [info] [] MV_CC_GetIntValue(Width) OK, handle=0x7becd402bd70
[2026-07-08 15:41:03.265] [info] [] MV_CC_GetIntValue(Height) OK, handle=0x7becd402bd70
[2026-07-08 15:41:03.265] [info] [] Capture thread started
[2026-07-08 15:41:03.333] [debug] [SerialBoard] GameStatus: type=0 progress=0 remain=0 sync=0
[2026-07-08 15:41:03.832] [debug] [SerialBoard] RobotStatus: id=7 lv=1 hp=600/600 cool=160 heat=480 power=20 mains=gtruectruestrue
[2026-07-08 15:41:03.833] [debug] [SerialBoard] GameStatus: type=0 progress=0 remain=0 sync=0
[2026-07-08 15:41:04.333] [debug] [SerialBoard] GameStatus: type=0 progress=0 remain=0 sync=0
[2026-07-08 15:41:04.389] [warning] [] No frame received yet — serial='DA6415771' index=2 trigger_mode=0 trigger_source=7 acquisition_mode=2 pixel_format=17301513 frame_rate=15 grab_timeout_ms=500 fetch_interval_ms=66
[2026-07-08 15:41:04.391] [warning] [] GetImageForBGR transient no-data/timeout: 0x80000007, last frame num=N/A
[2026-07-08 15:41:04.832] [debug] [SerialBoard] RobotStatus: id=7 lv=1 hp=600/600 cool=160 heat=480 power=20 mains=gtruectruestrue
[2026-07-08 15:41:04.833] [debug] [SerialBoard] GameStatus: type=0 progress=0 remain=0 sync=0
[2026-07-08 15:41:05.115] [info] Perceptron initialized with 2 cameras.
[2026-07-08 15:41:05.115] [info] [Main] Main loop started — receiving frames
[2026-07-08 15:41:05.115] [info] [Main] Game started! Entering detection & tracking loop
[2026-07-08 15:41:05.147] [info] [Main] First detection complete: 0 armors found
[2026-07-08 15:41:05.333] [debug] [SerialBoard] GameStatus: type=0 progress=0 remain=0 sync=0
[2026-07-08 15:41:05.832] [debug] [SerialBoard] RobotStatus: id=7 lv=1 hp=600/600 cool=160 heat=480 power=20 mains=gtruectruestrue
[2026-07-08 15:41:05.833] [debug] [SerialBoard] GameStatus: type=0 progress=0 remain=0 sync=0
[2026-07-08 15:41:06.333] [debug] [SerialBoard] GameStatus: type=0 progress=0 remain=0 sync=0
[2026-07-08 15:41:06.832] [debug] [SerialBoard] RobotStatus: id=7 lv=1 hp=600/600 cool=160 heat=480 power=20 mains=gtruectruestrue
[2026-07-08 15:41:06.833] [debug] [SerialBoard] GameStatus: type=0 progress=0 remain=0 sync=0
[2026-07-08 15:41:07.333] [debug] [SerialBoard] GameStatus: type=0 progress=0 remain=0 sync=0
[2026-07-08 15:41:07.832] [debug] [SerialBoard] RobotStatus: id=7 lv=1 hp=600/600 cool=160 heat=480 power=20 mains=gtruectruestrue
[2026-07-08 15:41:07.833] [debug] [SerialBoard] GameStatus: type=0 progress=0 remain=0 sync=0
[2026-07-08 15:41:08.333] [debug] [SerialBoard] GameStatus: type=0 progress=0 remain=0 sync=0
[2026-07-08 15:41:08.832] [debug] [SerialBoard] RobotStatus: id=7 lv=1 hp=600/600 cool=160 heat=480 power=20 mains=gtruectruestrue
[2026-07-08 15:41:08.833] [debug] [SerialBoard] GameStatus: type=0 progress=0 remain=0 sync=0
[2026-07-08 15:41:09.333] [debug] [SerialBoard] GameStatus: type=0 progress=0 remain=0 sync=0
[2026-07-08 15:41:09.832] [debug] [SerialBoard] RobotStatus: id=7 lv=1 hp=600/600 cool=160 heat=480 power=20 mains=gtruectruestrue
[2026-07-08 15:41:09.833] [debug] [SerialBoard] GameStatus: type=0 progress=0 remain=0 sync=0
[2026-07-08 15:41:10.333] [debug] [SerialBoard] GameStatus: type=0 progress=0 remain=0 sync=0
[2026-07-08 15:41:10.832] [debug] [SerialBoard] RobotStatus: id=7 lv=1 hp=600/600 cool=160 heat=480 power=20 mains=gtruectruestrue
[2026-07-08 15:41:10.833] [debug] [SerialBoard] GameStatus: type=0 progress=0 remain=0 sync=0
[2026-07-08 15:41:11.135] [info] [Main] frame=150 state=lost armors=0 targets=0
[2026-07-08 15:41:11.333] [debug] [SerialBoard] GameStatus: type=0 progress=0 remain=0 sync=0
[2026-07-08 15:41:11.831] [debug] [SerialBoard] RobotStatus: id=7 lv=1 hp=600/600 cool=160 heat=480 power=20 mains=gtruectruestrue
[2026-07-08 15:41:11.833] [debug] [SerialBoard] GameStatus: type=0 progress=0 remain=0 sync=0
[2026-07-08 15:41:12.333] [debug] [SerialBoard] GameStatus: type=0 progress=0 remain=0 sync=0
[2026-07-08 15:41:12.831] [debug] [SerialBoard] RobotStatus: id=7 lv=1 hp=600/600 cool=160 heat=480 power=20 mains=gtruectruestrue
[2026-07-08 15:41:12.833] [debug] [SerialBoard] GameStatus: type=0 progress=0 remain=0 sync=0
[2026-07-08 15:41:13.333] [debug] [SerialBoard] GameStatus: type=0 progress=0 remain=0 sync=0
[2026-07-08 15:41:13.831] [debug] [SerialBoard] RobotStatus: id=7 lv=1 hp=600/600 cool=160 heat=480 power=20 mains=gtruectruestrue
[2026-07-08 15:41:13.833] [debug] [SerialBoard] GameStatus: type=0 progress=0 remain=0 sync=0
[2026-07-08 15:41:14.333] [debug] [SerialBoard] GameStatus: type=0 progress=0 remain=0 sync=0
[2026-07-08 15:41:14.831] [debug] [SerialBoard] RobotStatus: id=7 lv=1 hp=600/600 cool=160 heat=480 power=20 mains=gtruectruestrue
[2026-07-08 15:41:14.832] [debug] [SerialBoard] GameStatus: type=0 progress=0 remain=0 sync=0
[2026-07-08 15:41:15.332] [debug] [SerialBoard] GameStatus: type=0 progress=0 remain=0 sync=0
[2026-07-08 15:41:15.831] [debug] [SerialBoard] RobotStatus: id=7 lv=1 hp=600/600 cool=160 heat=480 power=20 mains=gtruectruestrue
[2026-07-08 15:41:15.832] [debug] [SerialBoard] GameStatus: type=0 progress=0 remain=0 sync=0
[2026-07-08 15:41:16.332] [debug] [SerialBoard] GameStatus: type=0 progress=0 remain=0 sync=0
[2026-07-08 15:41:16.831] [debug] [SerialBoard] RobotStatus: id=7 lv=1 hp=600/600 cool=160 heat=480 power=20 mains=gtruectruestrue
[2026-07-08 15:41:16.832] [debug] [SerialBoard] GameStatus: type=0 progress=0 remain=0 sync=0
[2026-07-08 15:41:17.198] [info] [Main] frame=300 state=lost armors=0 targets=0
[2026-07-08 15:41:17.332] [debug] [SerialBoard] GameStatus: type=0 progress=0 remain=0 sync=0
[2026-07-08 15:41:17.831] [debug] [SerialBoard] RobotStatus: id=7 lv=1 hp=600/600 cool=160 heat=480 power=20 mains=gtruectruestrue
[2026-07-08 15:41:17.832] [debug] [SerialBoard] GameStatus: type=0 progress=0 remain=0 sync=0
[2026-07-08 15:41:18.332] [debug] [SerialBoard] GameStatus: type=0 progress=0 remain=0 sync=0
[2026-07-08 15:41:18.831] [debug] [SerialBoard] RobotStatus: id=7 lv=1 hp=600/600 cool=160 heat=480 power=20 mains=gtruectruestrue
[2026-07-08 15:41:18.832] [debug] [SerialBoard] GameStatus: type=0 progress=0 remain=0 sync=0
[2026-07-08 15:41:19.332] [debug] [SerialBoard] GameStatus: type=0 progress=0 remain=0 sync=0
[2026-07-08 15:41:19.831] [debug] [SerialBoard] RobotStatus: id=7 lv=1 hp=600/600 cool=160 heat=480 power=20 mains=gtruectruestrue
[2026-07-08 15:41:19.832] [debug] [SerialBoard] GameStatus: type=0 progress=0 remain=0 sync=0
[2026-07-08 15:41:20.332] [debug] [SerialBoard] GameStatus: type=0 progress=0 remain=0 sync=0
[2026-07-08 15:41:20.831] [debug] [SerialBoard] RobotStatus: id=7 lv=1 hp=600/600 cool=160 heat=480 power=20 mains=gtruectruestrue
[2026-07-08 15:41:20.832] [debug] [SerialBoard] GameStatus: type=0 progress=0 remain=0 sync=0
[2026-07-08 15:41:21.332] [debug] [SerialBoard] GameStatus: type=0 progress=0 remain=0 sync=0
[2026-07-08 15:41:21.831] [debug] [SerialBoard] RobotStatus: id=7 lv=1 hp=600/600 cool=160 heat=480 power=20 mains=gtruectruestrue
[2026-07-08 15:41:21.832] [debug] [SerialBoard] GameStatus: type=0 progress=0 remain=0 sync=0
[2026-07-08 15:41:22.332] [debug] [SerialBoard] GameStatus: type=0 progress=0 remain=0 sync=0
[2026-07-08 15:41:22.831] [debug] [SerialBoard] RobotStatus: id=7 lv=1 hp=600/600 cool=160 heat=480 power=20 mains=gtruectruestrue
[2026-07-08 15:41:22.832] [debug] [SerialBoard] GameStatus: type=0 progress=0 remain=0 sync=0
[2026-07-08 15:41:23.256] [info] [Main] frame=450 state=lost armors=0 targets=0
[2026-07-08 15:41:23.332] [debug] [SerialBoard] GameStatus: type=0 progress=0 remain=0 sync=0
[2026-07-08 15:41:23.831] [debug] [SerialBoard] RobotStatus: id=7 lv=1 hp=600/600 cool=160 heat=480 power=20 mains=gtruectruestrue
[2026-07-08 15:41:23.832] [debug] [SerialBoard] GameStatus: type=0 progress=0 remain=0 sync=0
[2026-07-08 15:41:24.332] [debug] [SerialBoard] GameStatus: type=0 progress=0 remain=0 sync=0
[2026-07-08 15:41:24.831] [debug] [SerialBoard] RobotStatus: id=7 lv=1 hp=600/600 cool=160 heat=480 power=20 mains=gtruectruestrue
[2026-07-08 15:41:24.832] [debug] [SerialBoard] GameStatus: type=0 progress=0 remain=0 sync=0
[2026-07-08 15:41:25.332] [debug] [SerialBoard] GameStatus: type=0 progress=0 remain=0 sync=0
[2026-07-08 15:41:25.831] [debug] [SerialBoard] RobotStatus: id=7 lv=1 hp=600/600 cool=160 heat=480 power=20 mains=gtruectruestrue
[2026-07-08 15:41:25.832] [debug] [SerialBoard] GameStatus: type=0 progress=0 remain=0 sync=0
[2026-07-08 15:41:26.332] [debug] [SerialBoard] GameStatus: type=0 progress=0 remain=0 sync=0
[2026-07-08 15:41:26.831] [debug] [SerialBoard] RobotStatus: id=7 lv=1 hp=600/600 cool=160 heat=480 power=20 mains=gtruectruestrue
[2026-07-08 15:41:26.832] [debug] [SerialBoard] GameStatus: type=0 progress=0 remain=0 sync=0
[2026-07-08 15:41:27.332] [debug] [SerialBoard] GameStatus: type=0 progress=0 remain=0 sync=0
[2026-07-08 15:41:27.831] [debug] [SerialBoard] RobotStatus: id=7 lv=1 hp=600/600 cool=160 heat=480 power=20 mains=gtruectruestrue
[2026-07-08 15:41:27.832] [debug] [SerialBoard] GameStatus: type=0 progress=0 remain=0 sync=0
[2026-07-08 15:41:28.332] [debug] [SerialBoard] GameStatus: type=0 progress=0 remain=0 sync=0
[2026-07-08 15:41:28.831] [debug] [SerialBoard] RobotStatus: id=7 lv=1 hp=600/600 cool=160 heat=480 power=20 mains=gtruectruestrue
[2026-07-08 15:41:28.832] [debug] [SerialBoard] GameStatus: type=0 progress=0 remain=0 sync=0
[2026-07-08 15:41:29.312] [info] [Main] frame=600 state=lost armors=0 targets=0
[2026-07-08 15:41:29.332] [debug] [SerialBoard] GameStatus: type=0 progress=0 remain=0 sync=0
[2026-07-08 15:41:29.831] [debug] [SerialBoard] RobotStatus: id=7 lv=1 hp=600/600 cool=160 heat=480 power=20 mains=gtruectruestrue
[2026-07-08 15:41:29.832] [debug] [SerialBoard] GameStatus: type=0 progress=0 remain=0 sync=0
[2026-07-08 15:41:30.332] [debug] [SerialBoard] GameStatus: type=0 progress=0 remain=0 sync=0
[2026-07-08 15:41:30.831] [debug] [SerialBoard] RobotStatus: id=7 lv=1 hp=600/600 cool=160 heat=480 power=20 mains=gtruectruestrue
[2026-07-08 15:41:30.832] [debug] [SerialBoard] GameStatus: type=0 progress=0 remain=0 sync=0
[2026-07-08 15:41:31.332] [debug] [SerialBoard] GameStatus: type=0 progress=0 remain=0 sync=0
[2026-07-08 15:41:31.831] [debug] [SerialBoard] RobotStatus: id=7 lv=1 hp=600/600 cool=160 heat=480 power=20 mains=gtruectruestrue
[2026-07-08 15:41:31.832] [debug] [SerialBoard] GameStatus: type=0 progress=0 remain=0 sync=0
[2026-07-08 15:41:32.332] [debug] [SerialBoard] GameStatus: type=0 progress=0 remain=0 sync=0
[2026-07-08 15:41:32.831] [debug] [SerialBoard] RobotStatus: id=7 lv=1 hp=600/600 cool=160 heat=480 power=20 mains=gtruectruestrue
[2026-07-08 15:41:32.832] [debug] [SerialBoard] GameStatus: type=0 progress=0 remain=0 sync=0
[2026-07-08 15:41:32.952] [warning] [] GetImageForBGR transient no-data/timeout: 0x80000007, last frame num=N/A
[2026-07-08 15:41:33.332] [debug] [SerialBoard] GameStatus: type=0 progress=0 remain=0 sync=0
[2026-07-08 15:41:33.831] [debug] [SerialBoard] RobotStatus: id=7 lv=1 hp=600/600 cool=160 heat=480 power=20 mains=gtruectruestrue
[2026-07-08 15:41:33.832] [debug] [SerialBoard] GameStatus: type=0 progress=0 remain=0 sync=0
[2026-07-08 15:41:34.332] [debug] [SerialBoard] GameStatus: type=0 progress=0 remain=0 sync=0
[2026-07-08 15:41:34.831] [debug] [SerialBoard] RobotStatus: id=7 lv=1 hp=600/600 cool=160 heat=480 power=20 mains=gtruectruestrue
[2026-07-08 15:41:34.832] [debug] [SerialBoard] GameStatus: type=0 progress=0 remain=0 sync=0
[2026-07-08 15:41:35.332] [debug] [SerialBoard] GameStatus: type=0 progress=0 remain=0 sync=0
[2026-07-08 15:41:35.368] [info] [Main] frame=750 state=lost armors=0 targets=0
[2026-07-08 15:41:35.831] [debug] [SerialBoard] RobotStatus: id=7 lv=1 hp=600/600 cool=160 heat=480 power=20 mains=gtruectruestrue
[2026-07-08 15:41:35.832] [debug] [SerialBoard] GameStatus: type=0 progress=0 remain=0 sync=0
[2026-07-08 15:41:36.332] [debug] [SerialBoard] GameStatus: type=0 progress=0 remain=0 sync=0
[2026-07-08 15:41:36.831] [debug] [SerialBoard] RobotStatus: id=7 lv=1 hp=600/600 cool=160 heat=480 power=20 mains=gtruectruestrue
[2026-07-08 15:41:36.832] [debug] [SerialBoard] GameStatus: type=0 progress=0 remain=0 sync=0
[2026-07-08 15:41:37.332] [debug] [SerialBoard] GameStatus: type=0 progress=0 remain=0 sync=0
[2026-07-08 15:41:37.831] [debug] [SerialBoard] RobotStatus: id=7 lv=1 hp=600/600 cool=160 heat=480 power=20 mains=gtruectruestrue
[2026-07-08 15:41:37.832] [debug] [SerialBoard] GameStatus: type=0 progress=0 remain=0 sync=0
[2026-07-08 15:41:38.332] [debug] [SerialBoard] GameStatus: type=0 progress=0 remain=0 sync=0
[2026-07-08 15:41:38.831] [debug] [SerialBoard] RobotStatus: id=7 lv=1 hp=600/600 cool=160 heat=480 power=20 mains=gtruectruestrue
[2026-07-08 15:41:38.832] [debug] [SerialBoard] GameStatus: type=0 progress=0 remain=0 sync=0
[2026-07-08 15:41:39.065] [info] Perceptron destructed.
[2026-07-08 15:41:39.065] [debug] Recorder received empty img. Skip this frame.
[2026-07-08 15:41:39.078] [info] [] MV_CC_StopGrabbing OK
[2026-07-08 15:41:39.116] [warning] [] MV_CC_GetImageForBGR fatal error: 0x80000003
[2026-07-08 15:41:39.116] [info] [] Capture thread stopped
[2026-07-08 15:41:39.117] [info] [] MV_CC_CloseDevice OK
[2026-07-08 15:41:39.121] [info] [] MV_CC_DestroyHandle OK
[2026-07-08 15:41:39.121] [info] [] Daemon thread stopped
[2026-07-08 15:41:39.122] [info] [] HikRobot destructed
[2026-07-08 15:41:39.190] [info] [] Capture thread stopped
[2026-07-08 15:41:39.209] [info] [] MV_CC_StopGrabbing OK
[2026-07-08 15:41:39.210] [info] [] MV_CC_CloseDevice OK
[2026-07-08 15:41:39.212] [info] [] MV_CC_DestroyHandle OK
[2026-07-08 15:41:39.212] [info] [] Daemon thread stopped
[2026-07-08 15:41:39.212] [info] [] HikRobot destructed
[2026-07-08 15:41:39.270] [warning] [] MV_CC_GetImageForBGR fatal error: 0x80000003
[2026-07-08 15:41:39.270] [info] [] Capture thread stopped
[2026-07-08 15:41:39.285] [info] [] MV_CC_StopGrabbing OK
[2026-07-08 15:41:39.291] [info] [] MV_CC_CloseDevice OK
[2026-07-08 15:41:39.294] [info] [] MV_CC_DestroyHandle OK
[2026-07-08 15:41:39.294] [info] [] Daemon thread stopped
[2026-07-08 15:41:39.294] [info] [] HikRobot destructed
[2026-07-08 15:41:39.296] [info] [SerialBoard] receiveThread stopped.
[2026-07-08 15:41:39.300] [debug] Recorder received empty img. Skip this frame.
